// Jest Snapshot v1, https://goo.gl/fbAQLP

exports[`Placeholder Empty 1`] = `
Array [
  Object {
    "apiVersion": "datadog.upbound.io/v1alpha1",
    "kind": "DashboardJSON",
    "metadata": Object {
      "name": "test-chart-dashboard-c8f9124c",
    },
    "spec": Object {
      "forProvider": Object {
        "dashboard": Object {
          "layout_type": "ordered",
          "notify_list": Array [],
          "reflow_type": "fixed",
          "template_variables": Array [],
          "title": "jackjack-cdk8s-demo Basic Observability Bundle Dashboard for cartservice",
          "widgets": Array [
            Object {
              "definition": Object {
                "legend_columns": Array [
                  "avg",
                  "min",
                  "max",
                  "value",
                  "sum",
                ],
                "legend_layout": "auto",
                "markers": Array [
                  Object {
                    "display_type": "ok dashed",
                    "value": "99 < y < 100",
                  },
                  Object {
                    "display_type": "warning dashed",
                    "value": "90 < y < 99",
                  },
                  Object {
                    "display_type": "error dashed",
                    "value": "0 < y < 90",
                  },
                ],
                "requests": Array [
                  Object {
                    "display_type": "line",
                    "formulas": Array [
                      Object {
                        "formula": "100 * (query1 - query2) / query1",
                      },
                    ],
                    "queries": Array [
                      Object {
                        "data_source": "metrics",
                        "name": "query1",
                        "query": "sum:trace.opentelemetry.server.hits.by_http_status{env,p:0, service,cartservice:1}.by_count()",
                      },
                      Object {
                        "data_source": "metrics",
                        "name": "query2",
                        "query": "sum:trace.opentelemetry.server.hits.by_http_status{env,p:0, http.status_code,400:1, service,cartservice:2}.by_count()",
                      },
                    ],
                    "response_format": "timeseries",
                    "style": Object {
                      "line_type": "solid",
                      "line_width": "normal",
                      "palette": "dog_classic",
                    },
                  },
                ],
                "show_legend": true,
                "time": Object {},
                "title": "Success Rate",
                "title_align": "left",
                "title_size": 16,
                "type": "timeseries",
              },
              "layout": Object {
                "height": 2,
                "width": 4,
                "x": 0,
                "y": 0,
              },
            },
            Object {
              "definition": Object {
                "legend_columns": Array [
                  "avg",
                  "min",
                  "max",
                  "value",
                  "sum",
                ],
                "legend_layout": "auto",
                "markers": Array [],
                "requests": Array [
                  Object {
                    "display_type": "line",
                    "formulas": Array [],
                    "queries": Array [
                      Object {
                        "data_source": "metrics",
                        "name": "query1",
                        "query": "sum:trace.opentelemetry.server.hits.by_http_status{env,p:0, service,cartservice:1}.by_count()",
                      },
                    ],
                    "response_format": "timeseries",
                    "style": Object {
                      "line_type": "solid",
                      "line_width": "normal",
                      "palette": "dog_classic",
                    },
                  },
                ],
                "show_legend": true,
                "time": Object {},
                "title": "Traffic",
                "title_align": "left",
                "title_size": 16,
                "type": "timeseries",
              },
              "layout": Object {
                "height": 0,
                "width": 4,
                "x": 4,
                "y": 0,
              },
            },
          ],
        },
      },
      "providerConfigRef": Object {
        "name": "datadog-provider-config",
      },
    },
  },
]
`;
