// Jest Snapshot v1, https://goo.gl/fbAQLP

exports[`Placeholder Empty 1`] = `
Array [
  Object {
    "apiVersion": "datadog.upbound.io/v1alpha1",
    "kind": "DashboardJSON",
    "metadata": Object {
      "name": "test-chart-dashboard-c8f9124c",
    },
    "spec": Object {
      "forProvider": Object {
        "dashboard": "{\\"title\\":\\"jackjack-cdk8s-demo Basic Observability Bundle Dashboard for cartservice\\",\\"widgets\\":[],\\"template_variables\\":[],\\"layout_type\\":\\"ordered\\",\\"notify_list\\":[],\\"reflow_type\\":\\"fixed\\"}",
      },
      "providerConfigRef": Object {
        "name": "datadog-provider-config",
      },
    },
  },
]
`;
